******* Machine details *******
$ hostname
i57pool4
$ lscpu
Architektur:                   x86_64
CPU Operationsmodus:           32-bit, 64-bit
Byte-Reihenfolge:              Little Endian
Address sizes:                 39 bits physical, 48 bits virtual
CPU(s):                        4
Liste der Online-CPU(s):       0-3
Thread(s) pro Kern:            1
Kern(e) pro Socket:            4
Sockel:                        1
NUMA-Knoten:                   1
Anbieterkennung:               GenuineIntel
Prozessorfamilie:              6
Modell:                        94
Modellname:                    Intel(R) Core(TM) i5-6500 CPU @ 3.20GHz
Stepping:                      3
CPU MHz:                       3398.234
Maximale Taktfrequenz der CPU: 3600,0000
Minimale Taktfrequenz der CPU: 800,0000
BogoMIPS:                      6399.96
Virtualisierung:               VT-x
L1d Cache:                     32K
L1i Cache:                     32K
L2 Cache:                      256K
L3 Cache:                      6144K
NUMA-Knoten0 CPU(s):           0-3
Markierungen:                  fpu vme de pse tsc msr pae mce cx8 apic sep mtrr pge mca cmov pat pse36 clflush dts acpi mmx fxsr sse sse2 ss ht tm pbe syscall nx pdpe1gb rdtscp lm constant_tsc art arch_perfmon pebs bts rep_good nopl xtopology nonstop_tsc cpuid aperfmperf pni pclmulqdq dtes64 monitor ds_cpl vmx smx est tm2 ssse3 sdbg fma cx16 xtpr pdcm pcid sse4_1 sse4_2 x2apic movbe popcnt tsc_deadline_timer aes xsave avx f16c rdrand lahf_lm abm 3dnowprefetch cpuid_fault epb invpcid_single pti ssbd ibrs ibpb stibp tpr_shadow vnmi flexpriority ept vpid ept_ad fsgsbase tsc_adjust bmi1 hle avx2 smep bmi2 erms invpcid rtm mpx rdseed adx smap clflushopt intel_pt xsaveopt xsavec xgetbv1 xsaves dtherm ida arat pln pts hwp hwp_notify hwp_act_window hwp_epp md_clear flush_l1d
$ cat /proc/meminfo
MemTotal:       15952896 kB
MemFree:         5503236 kB
MemAvailable:   14895984 kB
Buffers:            6336 kB
Cached:          8306744 kB
SwapCached:            0 kB
Active:          4745832 kB
Inactive:        3801068 kB
Active(anon):     245368 kB
Inactive(anon):    95044 kB
Active(file):    4500464 kB
Inactive(file):  3706024 kB
Unevictable:        3464 kB
Mlocked:               0 kB
SwapTotal:       4194300 kB
SwapFree:        4194300 kB
Dirty:                48 kB
Writeback:             4 kB
AnonPages:        237336 kB
Mapped:           303124 kB
Shmem:            109664 kB
KReclaimable:    1523340 kB
Slab:            1819784 kB
SReclaimable:    1523340 kB
SUnreclaim:       296444 kB
KernelStack:        5088 kB
PageTables:        13596 kB
NFS_Unstable:          0 kB
Bounce:                0 kB
WritebackTmp:          0 kB
CommitLimit:    12170748 kB
Committed_AS:    1219732 kB
VmallocTotal:   34359738367 kB
VmallocUsed:       21100 kB
VmallocChunk:          0 kB
Percpu:             3376 kB
HardwareCorrupted:     0 kB
AnonHugePages:     63488 kB
ShmemHugePages:        0 kB
ShmemPmdMapped:        0 kB
HugePages_Total:       0
HugePages_Free:        0
HugePages_Rsvd:        0
HugePages_Surp:        0
Hugepagesize:       2048 kB
Hugetlb:               0 kB
DirectMap4k:     1787072 kB
DirectMap2M:    12718080 kB
DirectMap1G:     2097152 kB
$ cat /proc/version
Linux version 5.3.18-lp152.66-preempt (geeko@buildhost) (gcc version 7.5.0 (SUSE Linux)) #1 SMP PREEMPT Tue Mar 2 13:18:19 UTC 2021 (73933a3)
$ lsblk
NAME             MAJ:MIN RM   SIZE RO TYPE MOUNTPOINT
sda                8:0    0 119,2G  0 disk 
└─sda1             8:1    0 119,2G  0 part 
  ├─system-boot1 254:0    0     1G  0 lvm  /boot/.snapshots
  ├─system-root1 254:1    0    50G  0 lvm  /var/lib/docker/btrfs
  ├─system-swap1 254:2    0     4G  0 lvm  [SWAP]
  └─system-home1 254:7    0     1G  0 lvm  /home/.snapshots
sr0               11:0    1  1024M  0 rom  
******* Experiment Repository *******
commit d78485c778ee84ce40e0b5a1c6d3f327ade0ef22
Author: Samuel Teuber <samuel@samweb.org>

    Fixed bug in subprocess handling: Must use communicate first as pipe is otherwise filled and blocks process progress

 1 file changed, 1 insertion(+), 1 deletion(-)
Auf Branch master
Ihr Branch ist auf demselben Stand wie 'origin/master'.

nichts zu committen, Arbeitsverzeichnis unverändert
******* CounterSharp Repository *******
commit d78485c778ee84ce40e0b5a1c6d3f327ade0ef22
Author: Samuel Teuber <samuel@samweb.org>

    Fixed bug in subprocess handling: Must use communicate first as pipe is otherwise filled and blocks process progress

 1 file changed, 1 insertion(+), 1 deletion(-)
Auf Branch master
Ihr Branch ist auf demselben Stand wie 'origin/master'.

nichts zu committen, Arbeitsverzeichnis unverändert
